Archive member included to satisfy reference by file (symbol)

C:/ST/STM32CubeIDE_1.10.1/STM32CubeIDE/plugins/com.st.stm32cube.ide.mcu.externaltools.gnu-tools-for-stm32.11.3.rel1.win32_1.1.0.202305231506/tools/bin/../lib/gcc/arm-none-eabi/11.3.1/../../../../arm-none-eabi/lib/thumb/v7-m/nofp\libc_nano.a(libc_a-exit.o)
                              C:/ST/STM32CubeIDE_1.10.1/STM32CubeIDE/plugins/com.st.stm32cube.ide.mcu.externaltools.gnu-tools-for-stm32.11.3.rel1.win32_1.1.0.202305231506/tools/bin/../lib/gcc/arm-none-eabi/11.3.1/../../../../arm-none-eabi/lib/thumb/v7-m/nofp/crt0.o (exit)
C:/ST/STM32CubeIDE_1.10.1/STM32CubeIDE/plugins/com.st.stm32cube.ide.mcu.externaltools.gnu-tools-for-stm32.11.3.rel1.win32_1.1.0.202305231506/tools/bin/../lib/gcc/arm-none-eabi/11.3.1/../../../../arm-none-eabi/lib/thumb/v7-m/nofp\libc_nano.a(libc_a-findfp.o)
                              C:/ST/STM32CubeIDE_1.10.1/STM32CubeIDE/plugins/com.st.stm32cube.ide.mcu.externaltools.gnu-tools-for-stm32.11.3.rel1.win32_1.1.0.202305231506/tools/bin/../lib/gcc/arm-none-eabi/11.3.1/../../../../arm-none-eabi/lib/thumb/v7-m/nofp\libc_nano.a(libc_a-exit.o) (__stdio_exit_handler)
C:/ST/STM32CubeIDE_1.10.1/STM32CubeIDE/plugins/com.st.stm32cube.ide.mcu.externaltools.gnu-tools-for-stm32.11.3.rel1.win32_1.1.0.202305231506/tools/bin/../lib/gcc/arm-none-eabi/11.3.1/../../../../arm-none-eabi/lib/thumb/v7-m/nofp\libc_nano.a(libc_a-fwalk.o)
                              C:/ST/STM32CubeIDE_1.10.1/STM32CubeIDE/plugins/com.st.stm32cube.ide.mcu.externaltools.gnu-tools-for-stm32.11.3.rel1.win32_1.1.0.202305231506/tools/bin/../lib/gcc/arm-none-eabi/11.3.1/../../../../arm-none-eabi/lib/thumb/v7-m/nofp\libc_nano.a(libc_a-findfp.o) (_fwalk_sglue)
C:/ST/STM32CubeIDE_1.10.1/STM32CubeIDE/plugins/com.st.stm32cube.ide.mcu.externaltools.gnu-tools-for-stm32.11.3.rel1.win32_1.1.0.202305231506/tools/bin/../lib/gcc/arm-none-eabi/11.3.1/../../../../arm-none-eabi/lib/thumb/v7-m/nofp\libc_nano.a(libc_a-stdio.o)
                              C:/ST/STM32CubeIDE_1.10.1/STM32CubeIDE/plugins/com.st.stm32cube.ide.mcu.externaltools.gnu-tools-for-stm32.11.3.rel1.win32_1.1.0.202305231506/tools/bin/../lib/gcc/arm-none-eabi/11.3.1/../../../../arm-none-eabi/lib/thumb/v7-m/nofp\libc_nano.a(libc_a-findfp.o) (__sread)
C:/ST/STM32CubeIDE_1.10.1/STM32CubeIDE/plugins/com.st.stm32cube.ide.mcu.externaltools.gnu-tools-for-stm32.11.3.rel1.win32_1.1.0.202305231506/tools/bin/../lib/gcc/arm-none-eabi/11.3.1/../../../../arm-none-eabi/lib/thumb/v7-m/nofp\libc_nano.a(libc_a-memset.o)
                              C:/ST/STM32CubeIDE_1.10.1/STM32CubeIDE/plugins/com.st.stm32cube.ide.mcu.externaltools.gnu-tools-for-stm32.11.3.rel1.win32_1.1.0.202305231506/tools/bin/../lib/gcc/arm-none-eabi/11.3.1/../../../../arm-none-eabi/lib/thumb/v7-m/nofp/crt0.o (memset)
C:/ST/STM32CubeIDE_1.10.1/STM32CubeIDE/plugins/com.st.stm32cube.ide.mcu.externaltools.gnu-tools-for-stm32.11.3.rel1.win32_1.1.0.202305231506/tools/bin/../lib/gcc/arm-none-eabi/11.3.1/../../../../arm-none-eabi/lib/thumb/v7-m/nofp\libc_nano.a(libc_a-closer.o)
                              C:/ST/STM32CubeIDE_1.10.1/STM32CubeIDE/plugins/com.st.stm32cube.ide.mcu.externaltools.gnu-tools-for-stm32.11.3.rel1.win32_1.1.0.202305231506/tools/bin/../lib/gcc/arm-none-eabi/11.3.1/../../../../arm-none-eabi/lib/thumb/v7-m/nofp\libc_nano.a(libc_a-stdio.o) (_close_r)
C:/ST/STM32CubeIDE_1.10.1/STM32CubeIDE/plugins/com.st.stm32cube.ide.mcu.externaltools.gnu-tools-for-stm32.11.3.rel1.win32_1.1.0.202305231506/tools/bin/../lib/gcc/arm-none-eabi/11.3.1/../../../../arm-none-eabi/lib/thumb/v7-m/nofp\libc_nano.a(libc_a-reent.o)
                              C:/ST/STM32CubeIDE_1.10.1/STM32CubeIDE/plugins/com.st.stm32cube.ide.mcu.externaltools.gnu-tools-for-stm32.11.3.rel1.win32_1.1.0.202305231506/tools/bin/../lib/gcc/arm-none-eabi/11.3.1/../../../../arm-none-eabi/lib/thumb/v7-m/nofp\libc_nano.a(libc_a-closer.o) (errno)
C:/ST/STM32CubeIDE_1.10.1/STM32CubeIDE/plugins/com.st.stm32cube.ide.mcu.externaltools.gnu-tools-for-stm32.11.3.rel1.win32_1.1.0.202305231506/tools/bin/../lib/gcc/arm-none-eabi/11.3.1/../../../../arm-none-eabi/lib/thumb/v7-m/nofp\libc_nano.a(libc_a-impure.o)
                              C:/ST/STM32CubeIDE_1.10.1/STM32CubeIDE/plugins/com.st.stm32cube.ide.mcu.externaltools.gnu-tools-for-stm32.11.3.rel1.win32_1.1.0.202305231506/tools/bin/../lib/gcc/arm-none-eabi/11.3.1/../../../../arm-none-eabi/lib/thumb/v7-m/nofp\libc_nano.a(libc_a-reent.o) (_impure_ptr)
C:/ST/STM32CubeIDE_1.10.1/STM32CubeIDE/plugins/com.st.stm32cube.ide.mcu.externaltools.gnu-tools-for-stm32.11.3.rel1.win32_1.1.0.202305231506/tools/bin/../lib/gcc/arm-none-eabi/11.3.1/../../../../arm-none-eabi/lib/thumb/v7-m/nofp\libc_nano.a(libc_a-lseekr.o)
[...]
Memory Configuration

Name             Origin             Length             Attributes
RAM              0x0000000020000000 0x0000000000005000 xrw
FLASH            0x0000000008000000 0x0000000000010000 xr
*default*        0x0000000000000000 0xffffffffffffffff

Linker script and memory map

LOAD C:/ST/STM32CubeIDE_1.10.1/STM32CubeIDE/plugins/com.st.stm32cube.ide.mcu.externaltools.gnu-tools-for-stm32.11.3.rel1.win32_1.1.0.202305231506/tools/bin/../lib/gcc/arm-none-eabi/11.3.1/thumb/v7-m/nofp/crti.o
LOAD C:/ST/STM32CubeIDE_1.10.1/STM32CubeIDE/plugins/com.st.stm32cube.ide.mcu.externaltools.gnu-tools-for-stm32.11.3.rel1.win32_1.1.0.202305231506/tools/bin/../lib/gcc/arm-none-eabi/11.3.1/thumb/v7-m/nofp/crtbegin.o
LOAD C:/ST/STM32CubeIDE_1.10.1/STM32CubeIDE/plugins/com.st.stm32cube.ide.mcu.externaltools.gnu-tools-for-stm32.11.3.rel1.win32_1.1.0.202305231506/tools/bin/../lib/gcc/arm-none-eabi/11.3.1/../../../../arm-none-eabi/lib/thumb/v7-m/nofp/crt0.o
LOAD ./RTOS/Source/croutine.o
LOAD ./RTOS/Source/event_groups.o
LOAD ./RTOS/Source/list.o
LOAD ./RTOS/Source/queue.o
LOAD ./RTOS/Source/stream_buffer.o
LOAD ./RTOS/Source/tasks.o
LOAD ./RTOS/Source/timers.o
LOAD ./RTOS/Source/portable/GCC/ARM_CM3/port.o
LOAD ./RTOS/Source/portable/MemMang/heap_4.o
LOAD ./Src/DIO_Prg.o
LOAD ./Src/Det.o
LOAD ./Src/Dio_Cfg.o
LOAD ./Src/LCD_Cfg.o
LOAD ./Src/LCD_Prg.o
LOAD ./Src/MCU_Cfg.o
LOAD ./Src/MCU_Prg.o
LOAD ./Src/Port_Cfg.o
LOAD ./Src/Port_Prg.o
LOAD ./Src/UART_Program.o
LOAD ./Src/UART_cfg.o
LOAD ./Src/main.o
LOAD ./Src/syscalls.o
LOAD ./Src/sysmem.o
LOAD ./Startup/startup_stm32f103c8tx.o
START GROUP
LOAD C:/ST/STM32CubeIDE_1.10.1/STM32CubeIDE/plugins/com.st.stm32cube.ide.mcu.externaltools.gnu-tools-for-stm32.11.3.rel1.win32_1.1.0.202305231506/tools/bin/../lib/gcc/arm-none-eabi/11.3.1/../../../../arm-none-eabi/lib/thumb/v7-m/nofp\libc_nano.a
LOAD C:/ST/STM32CubeIDE_1.10.1/STM32CubeIDE/plugins/com.st.stm32cube.ide.mcu.externaltools.gnu-tools-for-stm32.11.3.rel1.win32_1.1.0.202305231506/tools/bin/../lib/gcc/arm-none-eabi/11.3.1/../../../../arm-none-eabi/lib/thumb/v7-m/nofp\libm.a
END GROUP
START GROUP
LOAD C:/ST/STM32CubeIDE_1.10.1/STM32CubeIDE/plugins/com.st.stm32cube.ide.mcu.externaltools.gnu-tools-for-stm32.11.3.rel1.win32_1.1.0.202305231506/tools/bin/../lib/gcc/arm-none-eabi/11.3.1/thumb/v7-m/nofp\libgcc.a
LOAD C:/ST/STM32CubeIDE_1.10.1/STM32CubeIDE/plugins/com.st.stm32cube.ide.mcu.externaltools.gnu-tools-for-stm32.11.3.rel1.win32_1.1.0.202305231506/tools/bin/../lib/gcc/arm-none-eabi/11.3.1/../../../../arm-none-eabi/lib/thumb/v7-m/nofp\libc_nano.a
END GROUP
START GROUP
LOAD C:/ST/STM32CubeIDE_1.10.1/STM32CubeIDE/plugins/com.st.stm32cube.ide.mcu.externaltools.gnu-tools-for-stm32.11.3.rel1.win32_1.1.0.202305231506/tools/bin/../lib/gcc/arm-none-eabi/11.3.1/thumb/v7-m/nofp\libgcc.a
LOAD C:/ST/STM32CubeIDE_1.10.1/STM32CubeIDE/plugins/com.st.stm32cube.ide.mcu.externaltools.gnu-tools-for-stm32.11.3.rel1.win32_1.1.0.202305231506/tools/bin/../lib/gcc/arm-none-eabi/11.3.1/../../../../arm-none-eabi/lib/thumb/v7-m/nofp\libc_nano.a
LOAD C:/ST/STM32CubeIDE_1.10.1/STM32CubeIDE/plugins/com.st.stm32cube.ide.mcu.externaltools.gnu-tools-for-stm32.11.3.rel1.win32_1.1.0.202305231506/tools/bin/../lib/gcc/arm-none-eabi/11.3.1/../../../../arm-none-eabi/lib/thumb/v7-m/nofp\libnosys.a
END GROUP
START GROUP
LOAD C:/ST/STM32CubeIDE_1.10.1/STM32CubeIDE/plugins/com.st.stm32cube.ide.mcu.externaltools.gnu-tools-for-stm32.11.3.rel1.win32_1.1.0.202305231506/tools/bin/../lib/gcc/arm-none-eabi/11.3.1/thumb/v7-m/nofp\libgcc.a
LOAD C:/ST/STM32CubeIDE_1.10.1/STM32CubeIDE/plugins/com.st.stm32cube.ide.mcu.externaltools.gnu-tools-for-stm32.11.3.rel1.win32_1.1.0.202305231506/tools/bin/../lib/gcc/arm-none-eabi/11.3.1/../../../../arm-none-eabi/lib/thumb/v7-m/nofp\libc_nano.a
LOAD C:/ST/STM32CubeIDE_1.10.1/STM32CubeIDE/plugins/com.st.stm32cube.ide.mcu.externaltools.gnu-tools-for-stm32.11.3.rel1.win32_1.1.0.202305231506/tools/bin/../lib/gcc/arm-none-eabi/11.3.1/../../../../arm-none-eabi/lib/thumb/v7-m/nofp\libnosys.a
END GROUP
LOAD C:/ST/STM32CubeIDE_1.10.1/STM32CubeIDE/plugins/com.st.stm32cube.ide.mcu.externaltools.gnu-tools-for-stm32.11.3.rel1.win32_1.1.0.202305231506/tools/bin/../lib/gcc/arm-none-eabi/11.3.1/thumb/v7-m/nofp/crtend.o
LOAD C:/ST/STM32CubeIDE_1.10.1/STM32CubeIDE/plugins/com.st.stm32cube.ide.mcu.externaltools.gnu-tools-for-stm32.11.3.rel1.win32_1.1.0.202305231506/tools/bin/../lib/gcc/arm-none-eabi/11.3.1/thumb/v7-m/nofp/crtn.o
                0x0000000020005000                _estack = (ORIGIN (RAM) + LENGTH (RAM))
                0x0000000000000200                _Min_Heap_Size = 0x200
                0x0000000000000400                _Min_Stack_Size = 0x400

.isr_vector     0x0000000008000000      0x130
                0x0000000008000000                . = ALIGN (0x4)
 *(.isr_vector)
 .isr_vector    0x0000000008000000      0x130 ./Startup/startup_stm32f103c8tx.o
                0x0000000008000000                g_pfnVectors
                0x0000000008000130                . = ALIGN (0x4)

.text           0x0000000008000130     0x32ac
                0x0000000008000130                . = ALIGN (0x4)
 *(.text)
 .text          0x0000000008000130       0x40 C:/ST/STM32CubeIDE_1.10.1/STM32CubeIDE/plugins/com.st.stm32cube.ide.mcu.externaltools.gnu-tools-for-stm32.11.3.rel1.win32_1.1.0.202305231506/tools/bin/../lib/gcc/arm-none-eabi/11.3.1/thumb/v7-m/nofp/crtbegin.o
 *(.text*)
 .text.vListInitialise
                0x0000000008000170       0x3e ./RTOS/Source/list.o
                0x0000000008000170                vListInitialise
 .text.vListInitialiseItem
                0x00000000080001ae       0x18 ./RTOS/Source/list.o
                0x00000000080001ae                vListInitialiseItem
 .text.vListInsertEnd
                0x00000000080001c6       0x46 ./RTOS/Source/list.o
                0x00000000080001c6                vListInsertEnd
 .text.vListInsert
                0x000000000800020c       0x70 ./RTOS/Source/list.o
                0x000000000800020c                vListInsert
 .text.uxListRemove
                0x000000000800027c       0x52 ./RTOS/Source/list.o
                0x000000000800027c                uxListRemove
 *fill*         0x00000000080002ce        0x2 
 .text.xQueueGenericReset
                0x00000000080002d0       0xd0 ./RTOS/Source/queue.o
                0x00000000080002d0                xQueueGenericReset
 .text.xQueueGenericCreate
                0x00000000080003a0       0xbe ./RTOS/Source/queue.o
                0x00000000080003a0                xQueueGenericCreate
 .text.prvInitialiseNewQueue
                0x000000000800045e       0x3e ./RTOS/Source/queue.o
 .text.xQueueGenericSend
                0x000000000800049c      0x1cc ./RTOS/Source/queue.o
                0x000000000800049c                xQueueGenericSend
 .text.xQueueReceive
                0x0000000008000668      0x190 ./RTOS/Source/queue.o
                0x0000000008000668                xQueueReceive
 .text.prvCopyDataToQueue
                0x00000000080007f8       0xd4 ./RTOS/Source/queue.o
 .text.prvCopyDataFromQueue
                0x00000000080008cc       0x4c ./RTOS/Source/queue.o
 .text.prvUnlockQueue
                0x0000000008000918       0xa4 ./RTOS/Source/queue.o
 .text.prvIsQueueEmpty
                0x00000000080009bc       0x2c ./RTOS/Source/queue.o
 .text.prvIsQueueFull
                0x00000000080009e8       0x30 ./RTOS/Source/queue.o
 .text.xTaskCreate
                0x0000000008000a18       0x82 ./RTOS/Source/tasks.o
                0x0000000008000a18                xTaskCreate
 .text.prvInitialiseNewTask
                0x0000000008000a9a      0x11c ./RTOS/Source/tasks.o
 *fill*         0x0000000008000bb6        0x2 
 .text.prvAddNewTaskToReadyList
                0x0000000008000bb8       0xd4 ./RTOS/Source/tasks.o
 .text.vTaskDelay
                0x0000000008000c8c       0x68 ./RTOS/Source/tasks.o
                0x0000000008000c8c                vTaskDelay
 .text.vTaskSuspend
                0x0000000008000cf4      0x140 ./RTOS/Source/tasks.o
                0x0000000008000cf4                vTaskSuspend
 .text.prvTaskIsTaskSuspended
                0x0000000008000e34       0x60 ./RTOS/Source/tasks.o
 .text.vTaskResume
                0x0000000008000e94       0xbc ./RTOS/Source/tasks.o
                0x0000000008000e94                vTaskResume
 .text.vTaskStartScheduler
                0x0000000008000f50       0x98 ./RTOS/Source/tasks.o
                0x0000000008000f50                vTaskStartScheduler
 .text.vTaskSuspendAll
                0x0000000008000fe8       0x1c ./RTOS/Source/tasks.o
                0x0000000008000fe8                vTaskSuspendAll
 .text.xTaskResumeAll
                0x0000000008001004      0x138 ./RTOS/Source/tasks.o
                0x0000000008001004                xTaskResumeAll
 .text.xTaskIncrementTick
                0x000000000800113c      0x170 ./RTOS/Source/tasks.o
                0x000000000800113c                xTaskIncrementTick
 .text.vTaskSwitchContext
                0x00000000080012ac       0xb4 ./RTOS/Source/tasks.o
                0x00000000080012ac                vTaskSwitchContext
 .text.vTaskPlaceOnEventList
                0x0000000008001360       0x48 ./RTOS/Source/tasks.o
                0x0000000008001360                vTaskPlaceOnEventList
 .text.xTaskRemoveFromEventList
                0x00000000080013a8       0xc4 ./RTOS/Source/tasks.o
                0x00000000080013a8                xTaskRemoveFromEventList
 .text.vTaskInternalSetTimeOutState
                0x000000000800146c       0x2c ./RTOS/Source/tasks.o
                0x000000000800146c                vTaskInternalSetTimeOutState
 .text.xTaskCheckForTimeOut
                0x0000000008001498       0xcc ./RTOS/Source/tasks.o
                0x0000000008001498                xTaskCheckForTimeOut
 .text.vTaskMissedYield
                0x0000000008001564       0x18 ./RTOS/Source/tasks.o
                0x0000000008001564                vTaskMissedYield
 .text.prvIdleTask
                0x000000000800157c       0x30 ./RTOS/Source/tasks.o
 .text.prvInitialiseTaskLists
                0x00000000080015ac       0x80 ./RTOS/Source/tasks.o
 .text.prvCheckTasksWaitingTermination
                0x000000000800162c       0x5c ./RTOS/Source/tasks.o
 .text.prvDeleteTCB
                0x0000000008001688       0x20 ./RTOS/Source/tasks.o
 .text.prvResetNextTaskUnblockTime
                0x00000000080016a8       0x34 ./RTOS/Source/tasks.o
 .text.xTaskPriorityDisinherit
                0x00000000080016dc       0xf4 ./RTOS/Source/tasks.o
                0x00000000080016dc                xTaskPriorityDisinherit
 .text.ulTaskGenericNotifyTake
                0x00000000080017d0       0xd8 ./RTOS/Source/tasks.o
                0x00000000080017d0                ulTaskGenericNotifyTake
 .text.xTaskGenericNotify
                0x00000000080018a8      0x1d0 ./RTOS/Source/tasks.o
                0x00000000080018a8                xTaskGenericNotify
 .text.prvAddCurrentTaskToDelayedList
                0x0000000008001a78       0xcc ./RTOS/Source/tasks.o
 .text.pxPortInitialiseStack
                0x0000000008001b44       0x58 ./RTOS/Source/portable/GCC/ARM_CM3/port.o
                0x0000000008001b44                pxPortInitialiseStack
 .text.prvTaskExitError
                0x0000000008001b9c       0x58 ./RTOS/Source/portable/GCC/ARM_CM3/port.o
 *fill*         0x0000000008001bf4        0xc 
 .text.SVC_Handler
                0x0000000008001c00       0x28 ./RTOS/Source/portable/GCC/ARM_CM3/port.o
                0x0000000008001c00                SVC_Handler
 .text.prvPortStartFirstTask
                0x0000000008001c28       0x24 ./RTOS/Source/portable/GCC/ARM_CM3/port.o
 .text.xPortStartScheduler
                0x0000000008001c4c       0xc0 ./RTOS/Source/portable/GCC/ARM_CM3/port.o
                0x0000000008001c4c                xPortStartScheduler
 .text.vPortEnterCritical
                0x0000000008001d0c       0x60 ./RTOS/Source/portable/GCC/ARM_CM3/port.o
                0x0000000008001d0c                vPortEnterCritical
 .text.vPortExitCritical
                0x0000000008001d6c       0x50 ./RTOS/Source/portable/GCC/ARM_CM3/port.o
                0x0000000008001d6c                vPortExitCritical
 *fill*         0x0000000008001dbc        0x4 
 .text.PendSV_Handler
                0x0000000008001dc0       0x48 ./RTOS/Source/portable/GCC/ARM_CM3/port.o
                0x0000000008001dc0                PendSV_Handler
 .text.SysTick_Handler
                0x0000000008001e08       0x44 ./RTOS/Source/portable/GCC/ARM_CM3/port.o
                0x0000000008001e08                SysTick_Handler
 .text.vPortSetupTimerInterrupt
                0x0000000008001e4c       0x34 ./RTOS/Source/portable/GCC/ARM_CM3/port.o
                0x0000000008001e4c                vPortSetupTimerInterrupt
 .text.pvPortMalloc
                0x0000000008001e80      0x1c0 ./RTOS/Source/portable/MemMang/heap_4.o
                0x0000000008001e80                pvPortMalloc
 .text.vPortFree
                0x0000000008002040       0xc4 ./RTOS/Source/portable/MemMang/heap_4.o
                0x0000000008002040                vPortFree
 .text.prvHeapInit
                0x0000000008002104       0xc4 ./RTOS/Source/portable/MemMang/heap_4.o
 .text.prvInsertBlockIntoFreeList
                0x00000000080021c8       0xb0 ./RTOS/Source/portable/MemMang/heap_4.o
 .text.Dio_WriteChannel
                0x0000000008002278       0xf0 ./Src/DIO_Prg.o
                0x0000000008002278                Dio_WriteChannel
 .text.Dio_FlipChannel
                0x0000000008002368       0x9c ./Src/DIO_Prg.o
                0x0000000008002368                Dio_FlipChannel
 .text.Det_ReportError
                0x0000000008002404       0x14 ./Src/Det.o
                0x0000000008002404                Det_ReportError
 .text.LCD_VidSendCommend
                0x0000000008002418       0xb0 ./Src/LCD_Prg.o
                0x0000000008002418                LCD_VidSendCommend
 .text.LCD_VidInit
                0x00000000080024c8       0xe0 ./Src/LCD_Prg.o
                0x00000000080024c8                LCD_VidInit
 .text.LCD_VidSendChar
                0x00000000080025a8       0xb0 ./Src/LCD_Prg.o
                0x00000000080025a8                LCD_VidSendChar
 .text.Mcu_Init
                0x0000000008002658       0xcc ./Src/MCU_Prg.o
                0x0000000008002658                Mcu_Init
 .text.Mcu_EnumSetPerAPB1
                0x0000000008002724       0x38 ./Src/MCU_Prg.o
                0x0000000008002724                Mcu_EnumSetPerAPB1
 .text.Mcu_EnumSetPerAPB2
                0x000000000800275c       0x3c ./Src/MCU_Prg.o
                0x000000000800275c                Mcu_EnumSetPerAPB2
 .text.Mcu_VidRunnable
                0x0000000008002798       0x4c ./Src/MCU_Prg.o
                0x0000000008002798                Mcu_VidRunnable
 .text.Mcu_SetMode
                0x00000000080027e4       0x90 ./Src/MCU_Prg.o
                0x00000000080027e4                Mcu_SetMode
 .text.Port_EnumSetterPin
                0x0000000008002874       0x40 ./Src/Port_Prg.o
                0x0000000008002874                Port_EnumSetterPin
 .text.Port_VidRunnable
                0x00000000080028b4       0x44 ./Src/Port_Prg.o
                0x00000000080028b4                Port_VidRunnable
 .text.Port_SetPinMode
                0x00000000080028f8      0x144 ./Src/Port_Prg.o
                0x00000000080028f8                Port_SetPinMode
 .text.USART_VidInit
                0x0000000008002a3c      0x1b4 ./Src/UART_Program.o
                0x0000000008002a3c                USART_VidInit
 .text.USART_ReceiveByte
                0x0000000008002bf0       0xa4 ./Src/UART_Program.o
                0x0000000008002bf0                USART_ReceiveByte
 .text.USART_VidSendChar
                0x0000000008002c94       0x80 ./Src/UART_Program.o
                0x0000000008002c94                USART_VidSendChar
 .text.USART_TransmitString
                0x0000000008002d14       0x40 ./Src/UART_Program.o
                0x0000000008002d14                USART_TransmitString
 .text.main     0x0000000008002d54      0x144 ./Src/main.o
                0x0000000008002d54                main
 .text.ManagerTask
                0x0000000008002e98       0x6c ./Src/main.o
                0x0000000008002e98                ManagerTask
 .text.ActionTask
                0x0000000008002f04       0x84 ./Src/main.o
                0x0000000008002f04                ActionTask
 .text.Led_Update
                0x0000000008002f88       0xb8 ./Src/main.o
                0x0000000008002f88                Led_Update
 .text.LCD_Update
                0x0000000008003040       0x44 ./Src/main.o
                0x0000000008003040                LCD_Update
 .text.LedShape1
                0x0000000008003084       0x8c ./Src/main.o
                0x0000000008003084                LedShape1
 .text.LedShape2
                0x0000000008003110       0x8c ./Src/main.o
                0x0000000008003110                LedShape2
 .text.LedShape3
                0x000000000800319c       0x84 ./Src/main.o
                0x000000000800319c                LedShape3
 .text.LedShape4
                0x0000000008003220       0x84 ./Src/main.o
                0x0000000008003220                LedShape4
 .text.TTL_ReciveString
                0x00000000080032a4       0x58 ./Src/main.o
                0x00000000080032a4                TTL_ReciveString
 .text.Reset_Handler
                0x00000000080032fc       0x50 ./Startup/startup_stm32f103c8tx.o
                0x00000000080032fc                Reset_Handler
 .text.Default_Handler
                0x000000000800334c        0x2 ./Startup/startup_stm32f103c8tx.o
                0x000000000800334c                EXTI2_IRQHandler
                0x000000000800334c                TIM8_TRG_COM_IRQHandler
                0x000000000800334c                TIM8_CC_IRQHandler
                0x000000000800334c                DebugMon_Handler
                0x000000000800334c                TIM1_CC_IRQHandler
                0x000000000800334c                HardFault_Handler
                0x000000000800334c                TIM6_IRQHandler
                0x000000000800334c                PVD_IRQHandler
                0x000000000800334c                SDIO_IRQHandler
                0x000000000800334c                NMI_Handler
                0x000000000800334c                EXTI3_IRQHandler
                0x000000000800334c                USB_HP_CAN_TX_IRQHandler
                0x000000000800334c                EXTI0_IRQHandler
                0x000000000800334c                I2C2_EV_IRQHandler
                0x000000000800334c                UsageFault_Handler
                0x000000000800334c                ADC1_2_IRQHandler
                0x000000000800334c                SPI1_IRQHandler
                0x000000000800334c                CAN_SCE_IRQHandler
                0x000000000800334c                TAMPER_IRQHandler
                0x000000000800334c                TIM8_UP_IRQHandler
                0x000000000800334c                DMA2_Channel2_IRQHandler
                0x000000000800334c                DMA1_Channel4_IRQHandler
                0x000000000800334c                USART3_IRQHandler
                0x000000000800334c                RTC_IRQHandler
                0x000000000800334c                DMA1_Channel7_IRQHandler
                0x000000000800334c                UART5_IRQHandler
                0x000000000800334c                ADC3_IRQHandler
                0x000000000800334c                TIM4_IRQHandler
                0x000000000800334c                CAN_RX1_IRQHandler
                0x000000000800334c                DMA2_Channel1_IRQHandler
                0x000000000800334c                I2C1_EV_IRQHandler
                0x000000000800334c                DMA1_Channel6_IRQHandler
                0x000000000800334c                UART4_IRQHandler
                0x000000000800334c                TIM3_IRQHandler
                0x000000000800334c                RCC_IRQHandler
                0x000000000800334c                TIM1_TRG_COM_IRQHandler
                0x000000000800334c                DMA1_Channel1_IRQHandler
                0x000000000800334c                Default_Handler
                0x000000000800334c                EXTI15_10_IRQHandler
                0x000000000800334c                TIM7_IRQHandler
                0x000000000800334c                TIM5_IRQHandler
                0x000000000800334c                EXTI9_5_IRQHandler
                0x000000000800334c                SPI2_IRQHandler
                0x000000000800334c                USB_LP_CAN_RX0_IRQHandler
                0x000000000800334c                MemManage_Handler
                0x000000000800334c                DMA1_Channel5_IRQHandler
                0x000000000800334c                EXTI4_IRQHandler
                0x000000000800334c                DMA1_Channel3_IRQHandler
                0x000000000800334c                FSMC_IRQHandler
                0x000000000800334c                TIM1_UP_IRQHandler
                0x000000000800334c                WWDG_IRQHandler
                0x000000000800334c                TIM2_IRQHandler
                0x000000000800334c                TIM1_BRK_IRQHandler
                0x000000000800334c                EXTI1_IRQHandler
                0x000000000800334c                RTCAlarm_IRQHandler
                0x000000000800334c                DMA2_Channel4_5_IRQHandler
                0x000000000800334c                USART2_IRQHandler
                0x000000000800334c                I2C2_ER_IRQHandler
                0x000000000800334c                DMA1_Channel2_IRQHandler
                0x000000000800334c                TIM8_BRK_IRQHandler
                0x000000000800334c                FLASH_IRQHandler
                0x000000000800334c                BusFault_Handler
                0x000000000800334c                USART1_IRQHandler
                0x000000000800334c                SPI3_IRQHandler
                0x000000000800334c                I2C1_ER_IRQHandler
                0x000000000800334c                DMA2_Channel3_IRQHandler
 .text.memset   0x000000000800334e       0x10 C:/ST/STM32CubeIDE_1.10.1/STM32CubeIDE/plugins/com.st.stm32cube.ide.mcu.externaltools.gnu-tools-for-stm32.11.3.rel1.win32_1.1.0.202305231506/tools/bin/../lib/gcc/arm-none-eabi/11.3.1/../../../../arm-none-eabi/lib/thumb/v7-m/nofp\libc_nano.a(libc_a-memset.o)
                0x000000000800334e                memset
 *fill*         0x000000000800335e        0x2 
 .text.__libc_init_array
                0x0000000008003360       0x48 C:/ST/STM32CubeIDE_1.10.1/STM32CubeIDE/plugins/com.st.stm32cube.ide.mcu.externaltools.gnu-tools-for-stm32.11.3.rel1.win32_1.1.0.202305231506/tools/bin/../lib/gcc/arm-none-eabi/11.3.1/../../../../arm-none-eabi/lib/thumb/v7-m/nofp\libc_nano.a(libc_a-init.o)
                0x0000000008003360                __libc_init_array
 .text.memcpy   0x00000000080033a8       0x1c C:/ST/STM32CubeIDE_1.10.1/STM32CubeIDE/plugins/com.st.stm32cube.ide.mcu.externaltools.gnu-tools-for-stm32.11.3.rel1.win32_1.1.0.202305231506/tools/bin/../lib/gcc/arm-none-eabi/11.3.1/../../../../arm-none-eabi/lib/thumb/v7-m/nofp\libc_nano.a(libc_a-memcpy-stub.o)
                0x00000000080033a8                memcpy
 *(.glue_7)
 .glue_7        0x00000000080033c4        0x0 linker stubs
 *(.glue_7t)
 .glue_7t       0x00000000080033c4        0x0 linker stubs
 *(.eh_frame)
 .eh_frame      0x00000000080033c4        0x0 C:/ST/STM32CubeIDE_1.10.1/STM32CubeIDE/plugins/com.st.stm32cube.ide.mcu.externaltools.gnu-tools-for-stm32.11.3.rel1.win32_1.1.0.202305231506/tools/bin/../lib/gcc/arm-none-eabi/11.3.1/thumb/v7-m/nofp/crtbegin.o
 *(.init)
 .init          0x00000000080033c4        0x4 C:/ST/STM32CubeIDE_1.10.1/STM32CubeIDE/plugins/com.st.stm32cube.ide.mcu.externaltools.gnu-tools-for-stm32.11.3.rel1.win32_1.1.0.202305231506/tools/bin/../lib/gcc/arm-none-eabi/11.3.1/thumb/v7-m/nofp/crti.o
                0x00000000080033c4                _init
 .init          0x00000000080033c8        0x8 C:/ST/STM32CubeIDE_1.10.1/STM32CubeIDE/plugins/com.st.stm32cube.ide.mcu.externaltools.gnu-tools-for-stm32.11.3.rel1.win32_1.1.0.202305231506/tools/bin/../lib/gcc/arm-none-eabi/11.3.1/thumb/v7-m/nofp/crtn.o
 *(.fini)
 .fini          0x00000000080033d0        0x4 C:/ST/STM32CubeIDE_1.10.1/STM32CubeIDE/plugins/com.st.stm32cube.ide.mcu.externaltools.gnu-tools-for-stm32.11.3.rel1.win32_1.1.0.202305231506/tools/bin/../lib/gcc/arm-none-eabi/11.3.1/thumb/v7-m/nofp/crti.o
                0x00000000080033d0                _fini
 .fini          0x00000000080033d4        0x8 C:/ST/STM32CubeIDE_1.10.1/STM32CubeIDE/plugins/com.st.stm32cube.ide.mcu.externaltools.gnu-tools-for-stm32.11.3.rel1.win32_1.1.0.202305231506/tools/bin/../lib/gcc/arm-none-eabi/11.3.1/thumb/v7-m/nofp/crtn.o
                0x00000000080033dc                . = ALIGN (0x4)
                0x00000000080033dc                _etext = .

.vfp11_veneer   0x00000000080033dc        0x0
 .vfp11_veneer  0x00000000080033dc        0x0 linker stubs

.v4_bx          0x00000000080033dc        0x0
 .v4_bx         0x00000000080033dc        0x0 linker stubs

.iplt           0x00000000080033dc        0x0
 .iplt          0x00000000080033dc        0x0 C:/ST/STM32CubeIDE_1.10.1/STM32CubeIDE/plugins/com.st.stm32cube.ide.mcu.externaltools.gnu-tools-for-stm32.11.3.rel1.win32_1.1.0.202305231506/tools/bin/../lib/gcc/arm-none-eabi/11.3.1/thumb/v7-m/nofp/crtbegin.o

.rodata         0x00000000080033dc       0x8c
                0x00000000080033dc                . = ALIGN (0x4)
 *(.rodata)
 .rodata        0x00000000080033dc        0x5 ./RTOS/Source/tasks.o
 *fill*         0x00000000080033e1        0x3 
 .rodata        0x00000000080033e4       0x82 ./Src/main.o
 *(.rodata*)
                0x0000000008003468                . = ALIGN (0x4)
 *fill*         0x0000000008003466        0x2 

.rel.dyn        0x0000000008003468        0x0
 .rel.iplt      0x0000000008003468        0x0 C:/ST/STM32CubeIDE_1.10.1/STM32CubeIDE/plugins/com.st.stm32cube.ide.mcu.externaltools.gnu-tools-for-stm32.11.3.rel1.win32_1.1.0.202305231506/tools/bin/../lib/gcc/arm-none-eabi/11.3.1/thumb/v7-m/nofp/crtbegin.o

.ARM.extab      0x0000000008003468        0x0
                0x0000000008003468                . = ALIGN (0x4)
 *(.ARM.extab* .gnu.linkonce.armextab.*)
                0x0000000008003468                . = ALIGN (0x4)

.ARM            0x0000000008003468        0x0
                0x0000000008003468                . = ALIGN (0x4)
                0x0000000008003468                __exidx_start = .
 *(.ARM.exidx*)
                0x0000000008003468                __exidx_end = .
                0x0000000008003468                . = ALIGN (0x4)

.preinit_array  0x0000000008003468        0x0
                0x0000000008003468                . = ALIGN (0x4)
                0x0000000008003468                PROVIDE (__preinit_array_start = .)
 *(.preinit_array*)
                0x0000000008003468                PROVIDE (__preinit_array_end = .)
                0x0000000008003468                . = ALIGN (0x4)

.init_array     0x0000000008003468        0x4
                0x0000000008003468                . = ALIGN (0x4)
                0x0000000008003468                PROVIDE (__init_array_start = .)
 *(SORT_BY_NAME(.init_array.*))
 *(.init_array*)
 .init_array    0x0000000008003468        0x4 C:/ST/STM32CubeIDE_1.10.1/STM32CubeIDE/plugins/com.st.stm32cube.ide.mcu.externaltools.gnu-tools-for-stm32.11.3.rel1.win32_1.1.0.202305231506/tools/bin/../lib/gcc/arm-none-eabi/11.3.1/thumb/v7-m/nofp/crtbegin.o
                0x000000000800346c                PROVIDE (__init_array_end = .)
                0x000000000800346c                . = ALIGN (0x4)

.fini_array     0x000000000800346c        0x4
                0x000000000800346c                . = ALIGN (0x4)
                [!provide]                        PROVIDE (__fini_array_start = .)
 *(SORT_BY_NAME(.fini_array.*))
 *(.fini_array*)
 .fini_array    0x000000000800346c        0x4 C:/ST/STM32CubeIDE_1.10.1/STM32CubeIDE/plugins/com.st.stm32cube.ide.mcu.externaltools.gnu-tools-for-stm32.11.3.rel1.win32_1.1.0.202305231506/tools/bin/../lib/gcc/arm-none-eabi/11.3.1/thumb/v7-m/nofp/crtbegin.o
                [!provide]                        PROVIDE (__fini_array_end = .)
                0x0000000008003470                . = ALIGN (0x4)
                0x0000000008003470                _sidata = LOADADDR (.data)

.data           0x0000000020000000       0x88 load address 0x0000000008003470
                0x0000000020000000                . = ALIGN (0x4)
                0x0000000020000000                _sdata = .
 *(.data)
 *(.data*)
 .data.uxTopUsedPriority
                0x0000000020000000        0x4 ./RTOS/Source/tasks.o
                0x0000000020000000                uxTopUsedPriority
 .data.uxCriticalNesting
                0x0000000020000004        0x4 ./RTOS/Source/portable/GCC/ARM_CM3/port.o
 .data.ArrOfPins
                0x0000000020000008        0x8 ./Src/LCD_Cfg.o
                0x0000000020000008                ArrOfPins
 .data.Config_Clock
                0x0000000020000010       0x18 ./Src/MCU_Cfg.o
                0x0000000020000010                Config_Clock
 .data.ConfigPtr
                0x0000000020000028        0x4 ./Src/MCU_Prg.o
                0x0000000020000028                ConfigPtr
 .data.arrOfUART
                0x000000002000002c       0x5a ./Src/UART_cfg.o
                0x000000002000002c                arrOfUART
 *(.RamFunc)
 *(.RamFunc*)
                0x0000000020000088                . = ALIGN (0x4)
 *fill*         0x0000000020000086        0x2 
                0x0000000020000088                _edata = .

.igot.plt       0x0000000020000088        0x0 load address 0x00000000080034f8
 .igot.plt      0x0000000020000088        0x0 C:/ST/STM32CubeIDE_1.10.1/STM32CubeIDE/plugins/com.st.stm32cube.ide.mcu.externaltools.gnu-tools-for-stm32.11.3.rel1.win32_1.1.0.202305231506/tools/bin/../lib/gcc/arm-none-eabi/11.3.1/thumb/v7-m/nofp/crtbegin.o
                0x0000000020000088                . = ALIGN (0x4)

.bss            0x0000000020000088     0x45d0 load address 0x00000000080034f8
                0x0000000020000088                _sbss = .
                0x0000000020000088                __bss_start__ = _sbss
 *(.bss)
 .bss           0x0000000020000088       0x1c C:/ST/STM32CubeIDE_1.10.1/STM32CubeIDE/plugins/com.st.stm32cube.ide.mcu.externaltools.gnu-tools-for-stm32.11.3.rel1.win32_1.1.0.202305231506/tools/bin/../lib/gcc/arm-none-eabi/11.3.1/thumb/v7-m/nofp/crtbegin.o
 *(.bss*)
 .bss.pxCurrentTCB
                0x00000000200000a4        0x4 ./RTOS/Source/tasks.o
                0x00000000200000a4                pxCurrentTCB
 .bss.pxReadyTasksLists
                0x00000000200000a8       0x64 ./RTOS/Source/tasks.o
 .bss.xDelayedTaskList1
                0x000000002000010c       0x14 ./RTOS/Source/tasks.o
 .bss.xDelayedTaskList2
                0x0000000020000120       0x14 ./RTOS/Source/tasks.o
 .bss.pxDelayedTaskList
                0x0000000020000134        0x4 ./RTOS/Source/tasks.o
 .bss.pxOverflowDelayedTaskList
                0x0000000020000138        0x4 ./RTOS/Source/tasks.o
 .bss.xPendingReadyList
                0x000000002000013c       0x14 ./RTOS/Source/tasks.o
 .bss.xTasksWaitingTermination
                0x0000000020000150       0x14 ./RTOS/Source/tasks.o
 .bss.uxDeletedTasksWaitingCleanUp
                0x0000000020000164        0x4 ./RTOS/Source/tasks.o
 .bss.xSuspendedTaskList
                0x0000000020000168       0x14 ./RTOS/Source/tasks.o
 .bss.uxCurrentNumberOfTasks
                0x000000002000017c        0x4 ./RTOS/Source/tasks.o
 .bss.xTickCount
                0x0000000020000180        0x4 ./RTOS/Source/tasks.o
 .bss.uxTopReadyPriority
                0x0000000020000184        0x4 ./RTOS/Source/tasks.o
 .bss.xSchedulerRunning
                0x0000000020000188        0x4 ./RTOS/Source/tasks.o
 .bss.xPendedTicks
                0x000000002000018c        0x4 ./RTOS/Source/tasks.o
 .bss.xYieldPending
                0x0000000020000190        0x4 ./RTOS/Source/tasks.o
 .bss.xNumOfOverflows
                0x0000000020000194        0x4 ./RTOS/Source/tasks.o
 .bss.uxTaskNumber
                0x0000000020000198        0x4 ./RTOS/Source/tasks.o
 .bss.xNextTaskUnblockTime
                0x000000002000019c        0x4 ./RTOS/Source/tasks.o
 .bss.xIdleTaskHandle
                0x00000000200001a0        0x4 ./RTOS/Source/tasks.o
 .bss.uxSchedulerSuspended
                0x00000000200001a4        0x4 ./RTOS/Source/tasks.o
 .bss.ucMaxSysCallPriority
                0x00000000200001a8        0x1 ./RTOS/Source/portable/GCC/ARM_CM3/port.o
 *fill*         0x00000000200001a9        0x3 
 .bss.ulMaxPRIGROUPValue
                0x00000000200001ac        0x4 ./RTOS/Source/portable/GCC/ARM_CM3/port.o
 .bss.ucHeap    0x00000000200001b0     0x4400 ./RTOS/Source/portable/MemMang/heap_4.o
 .bss.xStart    0x00000000200045b0        0x8 ./RTOS/Source/portable/MemMang/heap_4.o
 .bss.pxEnd     0x00000000200045b8        0x4 ./RTOS/Source/portable/MemMang/heap_4.o
 .bss.xFreeBytesRemaining
                0x00000000200045bc        0x4 ./RTOS/Source/portable/MemMang/heap_4.o
 .bss.xMinimumEverFreeBytesRemaining
                0x00000000200045c0        0x4 ./RTOS/Source/portable/MemMang/heap_4.o
 .bss.xNumberOfSuccessfulAllocations
                0x00000000200045c4        0x4 ./RTOS/Source/portable/MemMang/heap_4.o
 .bss.xNumberOfSuccessfulFrees
                0x00000000200045c8        0x4 ./RTOS/Source/portable/MemMang/heap_4.o
 .bss.xBlockAllocatedBit
                0x00000000200045cc        0x4 ./RTOS/Source/portable/MemMang/heap_4.o
 .bss.PerpherialsAPB1
                0x00000000200045d0        0x4 ./Src/MCU_Prg.o
 .bss.PerpherialsAPB2
                0x00000000200045d4        0x4 ./Src/MCU_Prg.o
 .bss.PerpherialsAHB
                0x00000000200045d8        0x4 ./Src/MCU_Prg.o
 .bss.Port_ArryOfPins
                0x00000000200045dc       0x30 ./Src/Port_Prg.o
 .bss.Port_ArryOfActivition
                0x000000002000460c       0x30 ./Src/Port_Prg.o
 .bss.FlagOfReset
                0x000000002000463c        0x1 ./Src/Port_Prg.o
 *fill*         0x000000002000463d        0x3 
 .bss.UART_PTR  0x0000000020004640        0x4 ./Src/UART_Program.o
                0x0000000020004640                UART_PTR
 .bss.TaskManager_Handler
                0x0000000020004644        0x4 ./Src/main.o
                0x0000000020004644                TaskManager_Handler
 .bss.ActionTask_Handler
                0x0000000020004648        0x4 ./Src/main.o
                0x0000000020004648                ActionTask_Handler
 .bss.Led_Update_Handler
                0x000000002000464c        0x4 ./Src/main.o
                0x000000002000464c                Led_Update_Handler
 .bss.LCD_Update_Handler
                0x0000000020004650        0x4 ./Src/main.o
                0x0000000020004650                LCD_Update_Handler
 .bss.GLobalQueue
                0x0000000020004654        0x4 ./Src/main.o
                0x0000000020004654                GLobalQueue
 *(COMMON)
                0x0000000020004658                . = ALIGN (0x4)
                0x0000000020004658                _ebss = .
                0x0000000020004658                __bss_end__ = _ebss

._user_heap_stack
                0x0000000020004658      0x600 load address 0x00000000080034f8
                0x0000000020004658                . = ALIGN (0x8)
                [!provide]                        PROVIDE (end = .)
                0x0000000020004658                PROVIDE (_end = .)
                0x0000000020004858                . = (. + _Min_Heap_Size)
 *fill*         0x0000000020004658      0x200 
                0x0000000020004c58                . = (. + _Min_Stack_Size)
 *fill*         0x0000000020004858      0x400 
                0x0000000020004c58                . = ALIGN (0x8)

/DISCARD/
 libc.a(*)
 libm.a(*)
 libgcc.a(*)

.ARM.attributes
                0x0000000000000000       0x29
 *(.ARM.attributes)
 .ARM.attributes
                0x0000000000000000       0x1d C:/ST/STM32CubeIDE_1.10.1/STM32CubeIDE/plugins/com.st.stm32cube.ide.mcu.externaltools.gnu-tools-for-stm32.11.3.rel1.win32_1.1.0.202305231506/tools/bin/../lib/gcc/arm-none-eabi/11.3.1/thumb/v7-m/nofp/crti.o
 .ARM.attributes
                0x000000000000001d       0x2d C:/ST/STM32CubeIDE_1.10.1/STM32CubeIDE/plugins/com.st.stm32cube.ide.mcu.externaltools.gnu-tools-for-stm32.11.3.rel1.win32_1.1.0.202305231506/tools/bin/../lib/gcc/arm-none-eabi/11.3.1/thumb/v7-m/nofp/crtbegin.o
 .ARM.attributes
                0x000000000000004a       0x2d ./RTOS/Source/list.o
 .ARM.attributes
                0x0000000000000077       0x2d ./RTOS/Source/queue.o
 .ARM.attributes
                0x00000000000000a4       0x2d ./RTOS/Source/tasks.o
 .ARM.attributes
                0x00000000000000d1       0x2d ./RTOS/Source/portable/GCC/ARM_CM3/port.o
 .ARM.attributes
                0x00000000000000fe       0x2d ./RTOS/Source/portable/MemMang/heap_4.o
 .ARM.attributes
                0x000000000000012b       0x2d ./Src/DIO_Prg.o
 .ARM.attributes
                0x0000000000000158       0x2d ./Src/Det.o
 .ARM.attributes
                0x0000000000000185       0x2d ./Src/LCD_Cfg.o
 .ARM.attributes
                0x00000000000001b2       0x2d ./Src/LCD_Prg.o
 .ARM.attributes
                0x00000000000001df       0x2d ./Src/MCU_Cfg.o
 .ARM.attributes
                0x000000000000020c       0x2d ./Src/MCU_Prg.o
 .ARM.attributes
                0x0000000000000239       0x2d ./Src/Port_Prg.o
 .ARM.attributes
                0x0000000000000266       0x2d ./Src/UART_Program.o
 .ARM.attributes
                0x0000000000000293       0x2d ./Src/UART_cfg.o
 .ARM.attributes
                0x00000000000002c0       0x2d ./Src/main.o
 .ARM.attributes
                0x00000000000002ed       0x21 ./Startup/startup_stm32f103c8tx.o
 .ARM.attributes
                0x000000000000030e       0x2d C:/ST/STM32CubeIDE_1.10.1/STM32CubeIDE/plugins/com.st.stm32cube.ide.mcu.externaltools.gnu-tools-for-stm32.11.3.rel1.win32_1.1.0.202305231506/tools/bin/../lib/gcc/arm-none-eabi/11.3.1/../../../../arm-none-eabi/lib/thumb/v7-m/nofp\libc_nano.a(libc_a-memset.o)
 .ARM.attributes
                0x000000000000033b       0x2d C:/ST/STM32CubeIDE_1.10.1/STM32CubeIDE/plugins/com.st.stm32cube.ide.mcu.externaltools.gnu-tools-for-stm32.11.3.rel1.win32_1.1.0.202305231506/tools/bin/../lib/gcc/arm-none-eabi/11.3.1/../../../../arm-none-eabi/lib/thumb/v7-m/nofp\libc_nano.a(libc_a-init.o)
 .ARM.attributes
                0x0000000000000368       0x2d C:/ST/STM32CubeIDE_1.10.1/STM32CubeIDE/plugins/com.st.stm32cube.ide.mcu.externaltools.gnu-tools-for-stm32.11.3.rel1.win32_1.1.0.202305231506/tools/bin/../lib/gcc/arm-none-eabi/11.3.1/../../../../arm-none-eabi/lib/thumb/v7-m/nofp\libc_nano.a(libc_a-memcpy-stub.o)
 .ARM.attributes
                0x0000000000000395       0x1d C:/ST/STM32CubeIDE_1.10.1/STM32CubeIDE/plugins/com.st.stm32cube.ide.mcu.externaltools.gnu-tools-for-stm32.11.3.rel1.win32_1.1.0.202305231506/tools/bin/../lib/gcc/arm-none-eabi/11.3.1/thumb/v7-m/nofp/crtn.o
OUTPUT(FinalProject_RTOS.elf elf32-littlearm)
LOAD linker stubs
LOAD C:/ST/STM32CubeIDE_1.10.1/STM32CubeIDE/plugins/com.st.stm32cube.ide.mcu.externaltools.gnu-tools-for-stm32.11.3.rel1.win32_1.1.0.202305231506/tools/bin/../lib/gcc/arm-none-eabi/11.3.1/../../../../arm-none-eabi/lib/thumb/v7-m/nofp\libc.a
LOAD C:/ST/STM32CubeIDE_1.10.1/STM32CubeIDE/plugins/com.st.stm32cube.ide.mcu.externaltools.gnu-tools-for-stm32.11.3.rel1.win32_1.1.0.202305231506/tools/bin/../lib/gcc/arm-none-eabi/11.3.1/../../../../arm-none-eabi/lib/thumb/v7-m/nofp\libm.a
LOAD C:/ST/STM32CubeIDE_1.10.1/STM32CubeIDE/plugins/com.st.stm32cube.ide.mcu.externaltools.gnu-tools-for-stm32.11.3.rel1.win32_1.1.0.202305231506/tools/bin/../lib/gcc/arm-none-eabi/11.3.1/thumb/v7-m/nofp\libgcc.a

.comment        0x0000000000000000       0x43
 .comment       0x0000000000000000       0x43 C:/ST/STM32CubeIDE_1.10.1/STM32CubeIDE/plugins/com.st.stm32cube.ide.mcu.externaltools.gnu-tools-for-stm32.11.3.rel1.win32_1.1.0.202305231506/tools/bin/../lib/gcc/arm-none-eabi/11.3.1/thumb/v7-m/nofp/crtbegin.o
                                         0x44 (size before relaxing)
 .comment       0x0000000000000043       0x44 ./RTOS/Source/list.o
 .comment       0x0000000000000043       0x44 ./RTOS/Source/queue.o
 .comment       0x0000000000000043       0x44 ./RTOS/Source/tasks.o
 .comment       0x0000000000000043       0x44 ./RTOS/Source/portable/GCC/ARM_CM3/port.o
 .comment       0x0000000000000043       0x44 ./RTOS/Source/portable/MemMang/heap_4.o
 .comment       0x0000000000000043       0x44 ./Src/DIO_Prg.o
 .comment       0x0000000000000043       0x44 ./Src/Det.o
 .comment       0x0000000000000043       0x44 ./Src/LCD_Cfg.o
 .comment       0x0000000000000043       0x44 ./Src/LCD_Prg.o
 .comment       0x0000000000000043       0x44 ./Src/MCU_Cfg.o
 .comment       0x0000000000000043       0x44 ./Src/MCU_Prg.o
 .comment       0x0000000000000043       0x44 ./Src/Port_Prg.o
 .comment       0x0000000000000043       0x44 ./Src/UART_Program.o
 .comment       0x0000000000000043       0x44 ./Src/UART_cfg.o
 .comment       0x0000000000000043       0x44 ./Src/main.o

.debug_info     0x0000000000000000     0x7663
 .debug_info    0x0000000000000000      0x2af ./RTOS/Source/list.o
 .debug_info    0x00000000000002af     0x13c9 ./RTOS/Source/queue.o
 .debug_info    0x0000000000001678     0x1bfa ./RTOS/Source/tasks.o
 .debug_info    0x0000000000003272      0x472 ./RTOS/Source/portable/GCC/ARM_CM3/port.o
 .debug_info    0x00000000000036e4      0x4d3 ./RTOS/Source/portable/MemMang/heap_4.o
 .debug_info    0x0000000000003bb7      0x5c6 ./Src/DIO_Prg.o
 .debug_info    0x000000000000417d       0xe8 ./Src/Det.o
 .debug_info    0x0000000000004265      0x1d0 ./Src/LCD_Cfg.o
 .debug_info    0x0000000000004435      0x6e2 ./Src/LCD_Prg.o
 .debug_info    0x0000000000004b17      0x30c ./Src/MCU_Cfg.o
 .debug_info    0x0000000000004e23      0x79d ./Src/MCU_Prg.o
 .debug_info    0x00000000000055c0      0x5b2 ./Src/Port_Prg.o
 .debug_info    0x0000000000005b72      0xb17 ./Src/UART_Program.o
 .debug_info    0x0000000000006689      0x283 ./Src/UART_cfg.o
 .debug_info    0x000000000000690c      0xd34 ./Src/main.o
 .debug_info    0x0000000000007640       0x23 ./Startup/startup_stm32f103c8tx.o

.debug_abbrev   0x0000000000000000     0x19bd
 .debug_abbrev  0x0000000000000000       0xf5 ./RTOS/Source/list.o
 .debug_abbrev  0x00000000000000f5      0x2cd ./RTOS/Source/queue.o
 .debug_abbrev  0x00000000000003c2      0x34a ./RTOS/Source/tasks.o
 .debug_abbrev  0x000000000000070c      0x243 ./RTOS/Source/portable/GCC/ARM_CM3/port.o
 .debug_abbrev  0x000000000000094f      0x21e ./RTOS/Source/portable/MemMang/heap_4.o
 .debug_abbrev  0x0000000000000b6d      0x1ea ./Src/DIO_Prg.o
 .debug_abbrev  0x0000000000000d57       0x69 ./Src/Det.o
 .debug_abbrev  0x0000000000000dc0       0x78 ./Src/LCD_Cfg.o
 .debug_abbrev  0x0000000000000e38      0x182 ./Src/LCD_Prg.o
 .debug_abbrev  0x0000000000000fba       0x9d ./Src/MCU_Cfg.o
 .debug_abbrev  0x0000000000001057      0x19f ./Src/MCU_Prg.o
 .debug_abbrev  0x00000000000011f6      0x1a5 ./Src/Port_Prg.o
 .debug_abbrev  0x000000000000139b      0x27d ./Src/UART_Program.o
 .debug_abbrev  0x0000000000001618       0xc9 ./Src/UART_cfg.o
 .debug_abbrev  0x00000000000016e1      0x2ca ./Src/main.o
 .debug_abbrev  0x00000000000019ab       0x12 ./Startup/startup_stm32f103c8tx.o

.debug_aranges  0x0000000000000000      0x630
 .debug_aranges
                0x0000000000000000       0x40 ./RTOS/Source/list.o
 .debug_aranges
                0x0000000000000040       0xe0 ./RTOS/Source/queue.o
 .debug_aranges
                0x0000000000000120      0x1b0 ./RTOS/Source/tasks.o
 .debug_aranges
                0x00000000000002d0       0x78 ./RTOS/Source/portable/GCC/ARM_CM3/port.o
 .debug_aranges
                0x0000000000000348       0x58 ./RTOS/Source/portable/MemMang/heap_4.o
 .debug_aranges
                0x00000000000003a0       0x68 ./Src/DIO_Prg.o
 .debug_aranges
                0x0000000000000408       0x20 ./Src/Det.o
 .debug_aranges
                0x0000000000000428       0x18 ./Src/LCD_Cfg.o
 .debug_aranges
                0x0000000000000440       0x58 ./Src/LCD_Prg.o
 .debug_aranges
                0x0000000000000498       0x18 ./Src/MCU_Cfg.o
 .debug_aranges
                0x00000000000004b0       0x50 ./Src/MCU_Prg.o
 .debug_aranges
                0x0000000000000500       0x48 ./Src/Port_Prg.o
 .debug_aranges
                0x0000000000000548       0x40 ./Src/UART_Program.o
 .debug_aranges
                0x0000000000000588       0x18 ./Src/UART_cfg.o
 .debug_aranges
                0x00000000000005a0       0x68 ./Src/main.o
 .debug_aranges
                0x0000000000000608       0x28 ./Startup/startup_stm32f103c8tx.o

.debug_rnglists
                0x0000000000000000      0x471
 .debug_rnglists
                0x0000000000000000       0x2b ./RTOS/Source/list.o
 .debug_rnglists
                0x000000000000002b       0xaf ./RTOS/Source/queue.o
 .debug_rnglists
                0x00000000000000da      0x159 ./RTOS/Source/tasks.o
 .debug_rnglists
                0x0000000000000233       0x56 ./RTOS/Source/portable/GCC/ARM_CM3/port.o
 .debug_rnglists
                0x0000000000000289       0x42 ./RTOS/Source/portable/MemMang/heap_4.o
 .debug_rnglists
                0x00000000000002cb       0x4e ./Src/DIO_Prg.o
 .debug_rnglists
                0x0000000000000319       0x13 ./Src/Det.o
 .debug_rnglists
                0x000000000000032c       0x41 ./Src/LCD_Prg.o
 .debug_rnglists
                0x000000000000036d       0x39 ./Src/MCU_Prg.o
 .debug_rnglists
                0x00000000000003a6       0x34 ./Src/Port_Prg.o
 .debug_rnglists
                0x00000000000003da       0x2e ./Src/UART_Program.o
 .debug_rnglists
                0x0000000000000408       0x50 ./Src/main.o
 .debug_rnglists
                0x0000000000000458       0x19 ./Startup/startup_stm32f103c8tx.o

.debug_macro    0x0000000000000000     0x153a
 .debug_macro   0x0000000000000000      0x193 ./RTOS/Source/list.o
 .debug_macro   0x0000000000000193      0x21c ./RTOS/Source/queue.o
 .debug_macro   0x00000000000003af       0x16 ./RTOS/Source/queue.o
 .debug_macro   0x00000000000003c5       0x35 ./RTOS/Source/queue.o
 .debug_macro   0x00000000000003fa       0x20 ./RTOS/Source/queue.o
 .debug_macro   0x000000000000041a       0x80 ./RTOS/Source/queue.o
 .debug_macro   0x000000000000049a      0x279 ./RTOS/Source/tasks.o
 .debug_macro   0x0000000000000713       0x10 ./RTOS/Source/tasks.o
 .debug_macro   0x0000000000000723      0x172 ./RTOS/Source/portable/GCC/ARM_CM3/port.o
 .debug_macro   0x0000000000000895      0x1ae ./RTOS/Source/portable/MemMang/heap_4.o
 .debug_macro   0x0000000000000a43       0x5c ./Src/DIO_Prg.o
 .debug_macro   0x0000000000000a9f       0x22 ./Src/DIO_Prg.o
 .debug_macro   0x0000000000000ac1       0x64 ./Src/DIO_Prg.o
 .debug_macro   0x0000000000000b25       0x22 ./Src/DIO_Prg.o
 .debug_macro   0x0000000000000b47       0x10 ./Src/DIO_Prg.o
 .debug_macro   0x0000000000000b57       0x9a ./Src/DIO_Prg.o
 .debug_macro   0x0000000000000bf1       0x33 ./Src/Det.o
 .debug_macro   0x0000000000000c24      0x13e ./Src/LCD_Cfg.o
 .debug_macro   0x0000000000000d62       0x12 ./Src/LCD_Cfg.o
 .debug_macro   0x0000000000000d74       0x52 ./Src/LCD_Cfg.o
 .debug_macro   0x0000000000000dc6      0x143 ./Src/LCD_Prg.o
 .debug_macro   0x0000000000000f09       0x64 ./Src/LCD_Prg.o
 .debug_macro   0x0000000000000f6d       0x54 ./Src/MCU_Cfg.o
 .debug_macro   0x0000000000000fc1       0x22 ./Src/MCU_Cfg.o
 .debug_macro   0x0000000000000fe3       0x2e ./Src/MCU_Cfg.o
 .debug_macro   0x0000000000001011       0x6b ./Src/MCU_Prg.o
 .debug_macro   0x000000000000107c       0xb2 ./Src/MCU_Prg.o
 .debug_macro   0x000000000000112e       0x5d ./Src/Port_Prg.o
 .debug_macro   0x000000000000118b       0x88 ./Src/Port_Prg.o
 .debug_macro   0x0000000000001213       0xa7 ./Src/UART_Program.o
 .debug_macro   0x00000000000012ba       0x4e ./Src/UART_Program.o
 .debug_macro   0x0000000000001308       0x55 ./Src/UART_cfg.o
 .debug_macro   0x000000000000135d      0x171 ./Src/main.o
 .debug_macro   0x00000000000014ce       0x18 ./Src/main.o
 .debug_macro   0x00000000000014e6       0x54 ./Src/main.o

.debug_line     0x0000000000000000     0x70f0
 .debug_line    0x0000000000000000      0x7fe ./RTOS/Source/list.o
 .debug_line    0x00000000000007fe     0x13ad ./RTOS/Source/queue.o
 .debug_line    0x0000000000001bab     0x1a3d ./RTOS/Source/tasks.o
 .debug_line    0x00000000000035e8      0x85b ./RTOS/Source/portable/GCC/ARM_CM3/port.o
 .debug_line    0x0000000000003e43      0xa45 ./RTOS/Source/portable/MemMang/heap_4.o
 .debug_line    0x0000000000004888      0x3d8 ./Src/DIO_Prg.o
 .debug_line    0x0000000000004c60       0x78 ./Src/Det.o
 .debug_line    0x0000000000004cd8      0x62a ./Src/LCD_Cfg.o
 .debug_line    0x0000000000005302      0x918 ./Src/LCD_Prg.o
 .debug_line    0x0000000000005c1a       0x92 ./Src/MCU_Cfg.o
 .debug_line    0x0000000000005cac      0x231 ./Src/MCU_Prg.o
 .debug_line    0x0000000000005edd      0x44b ./Src/Port_Prg.o
 .debug_line    0x0000000000006328      0x2db ./Src/UART_Program.o
 .debug_line    0x0000000000006603       0xa1 ./Src/UART_cfg.o
 .debug_line    0x00000000000066a4      0x9d1 ./Src/main.o
 .debug_line    0x0000000000007075       0x7b ./Startup/startup_stm32f103c8tx.o

.debug_str      0x0000000000000000    0x11040
 .debug_str     0x0000000000000000     0xa915 ./RTOS/Source/list.o
                                       0xab3a (size before relaxing)
 .debug_str     0x000000000000a915     0x22b4 ./RTOS/Source/queue.o
                                       0xcddd (size before relaxing)
 .debug_str     0x000000000000cbc9     0x18fa ./RTOS/Source/tasks.o
                                       0xd986 (size before relaxing)
 .debug_str     0x000000000000e4c3      0x64b ./RTOS/Source/portable/GCC/ARM_CM3/port.o
                                       0x91ef (size before relaxing)
 .debug_str     0x000000000000eb0e      0x311 ./RTOS/Source/portable/MemMang/heap_4.o
                                       0xc003 (size before relaxing)
 .debug_str     0x000000000000ee1f      0x7e3 ./Src/DIO_Prg.o
                                       0x368e (size before relaxing)
 .debug_str     0x000000000000f602       0x24 ./Src/Det.o
                                       0x2fbb (size before relaxing)
 .debug_str     0x000000000000f626      0x10a ./Src/LCD_Cfg.o
                                       0x8ea3 (size before relaxing)
 .debug_str     0x000000000000f730      0x502 ./Src/LCD_Prg.o
                                       0x940b (size before relaxing)
 .debug_str     0x000000000000fc32      0x4be ./Src/MCU_Cfg.o
                                       0x34e9 (size before relaxing)
 .debug_str     0x00000000000100f0      0x649 ./Src/MCU_Prg.o
                                       0x3be8 (size before relaxing)
 .debug_str     0x0000000000010739      0x224 ./Src/Port_Prg.o
                                       0x36ec (size before relaxing)
 .debug_str     0x000000000001095d      0x597 ./Src/UART_Program.o
                                       0x3cb8 (size before relaxing)
 .debug_str     0x0000000000010ef4       0x1c ./Src/UART_cfg.o
                                       0x3473 (size before relaxing)
 .debug_str     0x0000000000010f10      0x101 ./Src/main.o
                                       0xa30f (size before relaxing)
 .debug_str     0x0000000000011011       0x2f ./Startup/startup_stm32f103c8tx.o
                                         0x78 (size before relaxing)

.debug_frame    0x0000000000000000     0x1618
 .debug_frame   0x0000000000000000       0xd8 ./RTOS/Source/list.o
 .debug_frame   0x00000000000000d8      0x3a8 ./RTOS/Source/queue.o
 .debug_frame   0x0000000000000480      0x740 ./RTOS/Source/tasks.o
 .debug_frame   0x0000000000000bc0      0x198 ./RTOS/Source/portable/GCC/ARM_CM3/port.o
 .debug_frame   0x0000000000000d58      0x12c ./RTOS/Source/portable/MemMang/heap_4.o
 .debug_frame   0x0000000000000e84      0x18c ./Src/DIO_Prg.o
 .debug_frame   0x0000000000001010       0x2c ./Src/Det.o
 .debug_frame   0x000000000000103c      0x130 ./Src/LCD_Prg.o
 .debug_frame   0x000000000000116c      0x114 ./Src/MCU_Prg.o
 .debug_frame   0x0000000000001280       0xf4 ./Src/Port_Prg.o
 .debug_frame   0x0000000000001374       0xcc ./Src/UART_Program.o
 .debug_frame   0x0000000000001440      0x164 ./Src/main.o
 .debug_frame   0x00000000000015a4       0x20 C:/ST/STM32CubeIDE_1.10.1/STM32CubeIDE/plugins/com.st.stm32cube.ide.mcu.externaltools.gnu-tools-for-stm32.11.3.rel1.win32_1.1.0.202305231506/tools/bin/../lib/gcc/arm-none-eabi/11.3.1/../../../../arm-none-eabi/lib/thumb/v7-m/nofp\libc_nano.a(libc_a-memset.o)
 .debug_frame   0x00000000000015c4       0x2c C:/ST/STM32CubeIDE_1.10.1/STM32CubeIDE/plugins/com.st.stm32cube.ide.mcu.externaltools.gnu-tools-for-stm32.11.3.rel1.win32_1.1.0.202305231506/tools/bin/../lib/gcc/arm-none-eabi/11.3.1/../../../../arm-none-eabi/lib/thumb/v7-m/nofp\libc_nano.a(libc_a-init.o)
 .debug_frame   0x00000000000015f0       0x28 C:/ST/STM32CubeIDE_1.10.1/STM32CubeIDE/plugins/com.st.stm32cube.ide.mcu.externaltools.gnu-tools-for-stm32.11.3.rel1.win32_1.1.0.202305231506/tools/bin/../lib/gcc/arm-none-eabi/11.3.1/../../../../arm-none-eabi/lib/thumb/v7-m/nofp\libc_nano.a(libc_a-memcpy-stub.o)

.debug_line_str
                0x0000000000000000       0x6c
 .debug_line_str
                0x0000000000000000       0x6c ./Startup/startup_stm32f103c8tx.o
                                         0x84 (size before relaxing)
